Component: ARM Compiler 5.06 update 6 (build 750) Tool: armlink [4d35ed]

==============================================================================

Section Cross References

    main.o(__DEFINES_STM32F4_CORE4_xx_DUMMY) refers (Special) to uart.o(i.USART2_Write) for USART2_Write
    main.o(__DEFINES_STM32F4_CORE4_xx_DUMMY) refers (Special) to uart.o(i.USART_Delay) for USART_Delay
    main.o(__DEFINES_STM32L4_xx_DUMMY) refers (Special) to uart.o(i.USART2_Write) for USART2_Write
    main.o(__DEFINES_STM32L4_xx_DUMMY) refers (Special) to uart.o(i.USART_Delay) for USART_Delay
    main.o(main) refers (Special) to uart.o(i.USART2_Write) for USART2_Write
    main.o(main) refers (Special) to uart.o(i.USART_Delay) for USART_Delay
    main.o(main) refers to sysclock.o(i.System_Clock_Init) for System_Clock_Init
    main.o(main) refers to uart.o(i.UART2_Init) for UART2_Init
    main.o(myData) refers (Special) to uart.o(i.USART2_Write) for USART2_Write
    main.o(myData) refers (Special) to uart.o(i.USART_Delay) for USART_Delay
    startup_stm32l476xx.o(STACK) refers (Special) to heapauxi.o(.text) for __use_two_region_memory
    startup_stm32l476xx.o(HEAP) refers (Special) to heapauxi.o(.text) for __use_two_region_memory
    startup_stm32l476xx.o(RESET) refers (Special) to heapauxi.o(.text) for __use_two_region_memory
    startup_stm32l476xx.o(RESET) refers to startup_stm32l476xx.o(STACK) for __initial_sp
    startup_stm32l476xx.o(RESET) refers to startup_stm32l476xx.o(.text) for Reset_Handler
    startup_stm32l476xx.o(.text) refers (Special) to heapauxi.o(.text) for __use_two_region_memory
    startup_stm32l476xx.o(.text) refers to main.o(main) for __main
    startup_stm32l476xx.o(.text) refers to startup_stm32l476xx.o(HEAP) for Heap_Mem
    startup_stm32l476xx.o(.text) refers to startup_stm32l476xx.o(STACK) for Stack_Mem
    uart.o(i.UART2_Init) refers to uart.o(i.UART2_GPIO_Init) for UART2_GPIO_Init
    uart.o(i.UART2_Init) refers to uart.o(i.USART_Init) for USART_Init
    uart.o(i.USART2_Write) refers to uart.o(i.USART_Write) for USART_Write
    uart.o(i.USART_Write) refers to uart.o(i.USART_Delay) for USART_Delay


==============================================================================

Removing Unused input sections from the image.

    Removing core_cm4_constants.o(__DEFINES_STM32F4_CORE4_xx_DUMMY), (0 bytes).
    Removing main.o(__DEFINES_STM32F4_CORE4_xx_DUMMY), (0 bytes).
    Removing main.o(__DEFINES_STM32L4_xx_DUMMY), (0 bytes).
    Removing main.o(myData), (10 bytes).
    Removing stm32l476xx_constants.o(__DEFINES_STM32L4_xx_DUMMY), (0 bytes).
    Removing sysclock.o(.rev16_text), (4 bytes).
    Removing sysclock.o(.revsh_text), (4 bytes).
    Removing sysclock.o(.rrx_text), (6 bytes).
    Removing uart.o(.rev16_text), (4 bytes).
    Removing uart.o(.revsh_text), (4 bytes).
    Removing uart.o(.rrx_text), (6 bytes).
    Removing uart.o(i.USART_IRQHandler), (92 bytes).
    Removing uart.o(i.USART_Read), (20 bytes).

13 unused section(s) (total 150 bytes) removed from the image.

==============================================================================

Image Symbol Table

    Local Symbols

    Symbol Name                              Value     Ov Type        Size  Object(Section)

    ../clib/heapaux.c                        0x00000000   Number         0  heapauxi.o ABSOLUTE
    SysClock.c                               0x00000000   Number         0  sysclock.o ABSOLUTE
    SysClock.c                               0x00000000   Number         0  sysclock.o ABSOLUTE
    UART.c                                   0x00000000   Number         0  uart.o ABSOLUTE
    UART.c                                   0x00000000   Number         0  uart.o ABSOLUTE
    core_cm4_constants.s                     0x00000000   Number         0  core_cm4_constants.o ABSOLUTE
    dc.s                                     0x00000000   Number         0  dc.o ABSOLUTE
    main.s                                   0x00000000   Number         0  main.o ABSOLUTE
    startup_stm32l476xx.s                    0x00000000   Number         0  startup_stm32l476xx.o ABSOLUTE
    stm32l476xx_constants.s                  0x00000000   Number         0  stm32l476xx_constants.o ABSOLUTE
    RESET                                    0x08000000   Section      392  startup_stm32l476xx.o(RESET)
    .text                                    0x08000188   Section      132  startup_stm32l476xx.o(.text)
    $v0                                      0x08000188   Number         0  startup_stm32l476xx.o(.text)
    .text                                    0x0800020c   Section        0  heapauxi.o(.text)
    i.System_Clock_Init                      0x08000214   Section        0  sysclock.o(i.System_Clock_Init)
    i.UART2_GPIO_Init                        0x08000398   Section        0  uart.o(i.UART2_GPIO_Init)
    i.UART2_Init                             0x080003f8   Section        0  uart.o(i.UART2_Init)
    i.USART2_Write                           0x08000438   Section        0  uart.o(i.USART2_Write)
    i.USART_Delay                            0x08000450   Section        0  uart.o(i.USART_Delay)
    i.USART_Init                             0x08000468   Section        0  uart.o(i.USART_Init)
    i.USART_Write                            0x0800051c   Section        0  uart.o(i.USART_Write)
    main                                     0x0800055c   Section      176  main.o(main)
    $v0                                      0x0800055c   Number         0  main.o(main)
    HEAP                                     0x20000000   Section      512  startup_stm32l476xx.o(HEAP)
    Heap_Mem                                 0x20000000   Data         512  startup_stm32l476xx.o(HEAP)
    STACK                                    0x20000200   Section     1024  startup_stm32l476xx.o(STACK)
    Stack_Mem                                0x20000200   Data        1024  startup_stm32l476xx.o(STACK)
    __initial_sp                             0x20000600   Data           0  startup_stm32l476xx.o(STACK)

    Global Symbols

    Symbol Name                              Value     Ov Type        Size  Object(Section)

    BuildAttributes$$THM_ISAv4$E$P$D$K$B$S$7EM$VFPi3$EXTD16$VFPS$VFMA$PE$A:L22UL41UL21$X:L11$S22US41US21$IEEE1$IW$USESV6$~STKCKD$USESV7$~SHL$OSPACE$ROPI$EBA8$STANDARDLIB$REQ8$PRES8$EABIv2 0x00000000   Number         0  anon$$obj.o ABSOLUTE
    Image$$ER_IROM1$$RW$$Length              0x00000000   Number         0  anon$$obj.o ABSOLUTE
    Image$$ER_IROM1$$ZI$$Length              0x00000000   Number         0  anon$$obj.o ABSOLUTE
    Image$$RW_IRAM1$$Length                  0x00000000   Number         0  anon$$obj.o ABSOLUTE
    Image$$RW_IRAM1$$RO$$Length              0x00000000   Number         0  anon$$obj.o ABSOLUTE
    Image$$RW_IRAM1$$RW$$Length              0x00000000   Number         0  anon$$obj.o ABSOLUTE
    __Vectors_Size                           0x00000188   Number         0  startup_stm32l476xx.o ABSOLUTE
    Image$$RW_IRAM1$$ZI$$Length              0x00000600   Number         0  anon$$obj.o ABSOLUTE
    Image$$ER_IROM1$$RO$$Length              0x0000060c   Number         0  anon$$obj.o ABSOLUTE
    Image$$ER_IROM1$$RO$$Base                0x08000000   Number         0  anon$$obj.o ABSOLUTE
    Load$$ER_IROM1$$Base                     0x08000000   Number         0  anon$$obj.o ABSOLUTE
    __Vectors                                0x08000000   Data           4  startup_stm32l476xx.o(RESET)
    Reset_Handler                            0x08000189   Thumb Code    60  startup_stm32l476xx.o(.text)
    __Vectors_End                            0x08000188   Data           0  startup_stm32l476xx.o(RESET)
    NMI_Handler                              0x080001c5   Thumb Code     2  startup_stm32l476xx.o(.text)
    HardFault_Handler                        0x080001c7   Thumb Code     2  startup_stm32l476xx.o(.text)
    MemManage_Handler                        0x080001c9   Thumb Code     2  startup_stm32l476xx.o(.text)
    BusFault_Handler                         0x080001cb   Thumb Code     2  startup_stm32l476xx.o(.text)
    UsageFault_Handler                       0x080001cd   Thumb Code     2  startup_stm32l476xx.o(.text)
    SVC_Handler                              0x080001cf   Thumb Code     2  startup_stm32l476xx.o(.text)
    DebugMon_Handler                         0x080001d1   Thumb Code     2  startup_stm32l476xx.o(.text)
    PendSV_Handler                           0x080001d3   Thumb Code     2  startup_stm32l476xx.o(.text)
    SysTick_Handler                          0x080001d5   Thumb Code     2  startup_stm32l476xx.o(.text)
    ADC1_2_IRQHandler                        0x080001d7   Thumb Code     0  startup_stm32l476xx.o(.text)
    ADC3_IRQHandler                          0x080001d7   Thumb Code     0  startup_stm32l476xx.o(.text)
    CAN1_RX0_IRQHandler                      0x080001d7   Thumb Code     0  startup_stm32l476xx.o(.text)
    CAN1_RX1_IRQHandler                      0x080001d7   Thumb Code     0  startup_stm32l476xx.o(.text)
    CAN1_SCE_IRQHandler                      0x080001d7   Thumb Code     0  startup_stm32l476xx.o(.text)
    CAN1_TX_IRQHandler                       0x080001d7   Thumb Code     0  startup_stm32l476xx.o(.text)
    COMP_IRQHandler                          0x080001d7   Thumb Code     0  startup_stm32l476xx.o(.text)
    DFSDM0_IRQHandler                        0x080001d7   Thumb Code     0  startup_stm32l476xx.o(.text)
    DFSDM1_IRQHandler                        0x080001d7   Thumb Code     0  startup_stm32l476xx.o(.text)
    DFSDM2_IRQHandler                        0x080001d7   Thumb Code     0  startup_stm32l476xx.o(.text)
    DFSDM3_IRQHandler                        0x080001d7   Thumb Code     0  startup_stm32l476xx.o(.text)
    DMA1_Channel1_IRQHandler                 0x080001d7   Thumb Code     0  startup_stm32l476xx.o(.text)
    DMA1_Channel2_IRQHandler                 0x080001d7   Thumb Code     0  startup_stm32l476xx.o(.text)
    DMA1_Channel3_IRQHandler                 0x080001d7   Thumb Code     0  startup_stm32l476xx.o(.text)
    DMA1_Channel4_IRQHandler                 0x080001d7   Thumb Code     0  startup_stm32l476xx.o(.text)
    DMA1_Channel5_IRQHandler                 0x080001d7   Thumb Code     0  startup_stm32l476xx.o(.text)
    DMA1_Channel6_IRQHandler                 0x080001d7   Thumb Code     0  startup_stm32l476xx.o(.text)
    DMA1_Channel7_IRQHandler                 0x080001d7   Thumb Code     0  startup_stm32l476xx.o(.text)
    DMA2_Channel1_IRQHandler                 0x080001d7   Thumb Code     0  startup_stm32l476xx.o(.text)
    DMA2_Channel2_IRQHandler                 0x080001d7   Thumb Code     0  startup_stm32l476xx.o(.text)
    DMA2_Channel3_IRQHandler                 0x080001d7   Thumb Code     0  startup_stm32l476xx.o(.text)
    DMA2_Channel4_IRQHandler                 0x080001d7   Thumb Code     0  startup_stm32l476xx.o(.text)
    DMA2_Channel5_IRQHandler                 0x080001d7   Thumb Code     0  startup_stm32l476xx.o(.text)
    DMA2_Channel6_IRQHandler                 0x080001d7   Thumb Code     0  startup_stm32l476xx.o(.text)
    DMA2_Channel7_IRQHandler                 0x080001d7   Thumb Code     0  startup_stm32l476xx.o(.text)
    EXTI0_IRQHandler                         0x080001d7   Thumb Code     0  startup_stm32l476xx.o(.text)
    EXTI15_10_IRQHandler                     0x080001d7   Thumb Code     0  startup_stm32l476xx.o(.text)
    EXTI1_IRQHandler                         0x080001d7   Thumb Code     0  startup_stm32l476xx.o(.text)
    EXTI2_IRQHandler                         0x080001d7   Thumb Code     0  startup_stm32l476xx.o(.text)
    EXTI3_IRQHandler                         0x080001d7   Thumb Code     0  startup_stm32l476xx.o(.text)
    EXTI4_IRQHandler                         0x080001d7   Thumb Code     0  startup_stm32l476xx.o(.text)
    EXTI9_5_IRQHandler                       0x080001d7   Thumb Code     0  startup_stm32l476xx.o(.text)
    FLASH_IRQHandler                         0x080001d7   Thumb Code     0  startup_stm32l476xx.o(.text)
    FMC_IRQHandler                           0x080001d7   Thumb Code     0  startup_stm32l476xx.o(.text)
    FPU_IRQHandler                           0x080001d7   Thumb Code     0  startup_stm32l476xx.o(.text)
    I2C1_ER_IRQHandler                       0x080001d7   Thumb Code     0  startup_stm32l476xx.o(.text)
    I2C1_EV_IRQHandler                       0x080001d7   Thumb Code     0  startup_stm32l476xx.o(.text)
    I2C2_ER_IRQHandler                       0x080001d7   Thumb Code     0  startup_stm32l476xx.o(.text)
    I2C2_EV_IRQHandler                       0x080001d7   Thumb Code     0  startup_stm32l476xx.o(.text)
    I2C3_ER_IRQHandler                       0x080001d7   Thumb Code     0  startup_stm32l476xx.o(.text)
    I2C3_EV_IRQHandler                       0x080001d7   Thumb Code     0  startup_stm32l476xx.o(.text)
    LCD_IRQHandler                           0x080001d7   Thumb Code     0  startup_stm32l476xx.o(.text)
    LPTIM1_IRQHandler                        0x080001d7   Thumb Code     0  startup_stm32l476xx.o(.text)
    LPTIM2_IRQHandler                        0x080001d7   Thumb Code     0  startup_stm32l476xx.o(.text)
    LPUART1_IRQHandler                       0x080001d7   Thumb Code     0  startup_stm32l476xx.o(.text)
    OTG_FS_IRQHandler                        0x080001d7   Thumb Code     0  startup_stm32l476xx.o(.text)
    PVD_PVM_IRQHandler                       0x080001d7   Thumb Code     0  startup_stm32l476xx.o(.text)
    QUADSPI_IRQHandler                       0x080001d7   Thumb Code     0  startup_stm32l476xx.o(.text)
    RCC_IRQHandler                           0x080001d7   Thumb Code     0  startup_stm32l476xx.o(.text)
    RNG_IRQHandler                           0x080001d7   Thumb Code     0  startup_stm32l476xx.o(.text)
    RTC_Alarm_IRQHandler                     0x080001d7   Thumb Code     0  startup_stm32l476xx.o(.text)
    RTC_WKUP_IRQHandler                      0x080001d7   Thumb Code     0  startup_stm32l476xx.o(.text)
    SAI1_IRQHandler                          0x080001d7   Thumb Code     0  startup_stm32l476xx.o(.text)
    SAI2_IRQHandler                          0x080001d7   Thumb Code     0  startup_stm32l476xx.o(.text)
    SDMMC1_IRQHandler                        0x080001d7   Thumb Code     0  startup_stm32l476xx.o(.text)
    SPI1_IRQHandler                          0x080001d7   Thumb Code     0  startup_stm32l476xx.o(.text)
    SPI2_IRQHandler                          0x080001d7   Thumb Code     0  startup_stm32l476xx.o(.text)
    SPI3_IRQHandler                          0x080001d7   Thumb Code     0  startup_stm32l476xx.o(.text)
    SWPMI1_IRQHandler                        0x080001d7   Thumb Code     0  startup_stm32l476xx.o(.text)
    TAMP_STAMP_IRQHandler                    0x080001d7   Thumb Code     0  startup_stm32l476xx.o(.text)
    TIM1_BRK_TIM15_IRQHandler                0x080001d7   Thumb Code     0  startup_stm32l476xx.o(.text)
    TIM1_CC_IRQHandler                       0x080001d7   Thumb Code     0  startup_stm32l476xx.o(.text)
    TIM1_TRG_COM_TIM17_IRQHandler            0x080001d7   Thumb Code     0  startup_stm32l476xx.o(.text)
    TIM1_UP_TIM16_IRQHandler                 0x080001d7   Thumb Code     0  startup_stm32l476xx.o(.text)
    TIM2_IRQHandler                          0x080001d7   Thumb Code     0  startup_stm32l476xx.o(.text)
    TIM3_IRQHandler                          0x080001d7   Thumb Code     0  startup_stm32l476xx.o(.text)
    TIM4_IRQHandler                          0x080001d7   Thumb Code     0  startup_stm32l476xx.o(.text)
    TIM5_IRQHandler                          0x080001d7   Thumb Code     0  startup_stm32l476xx.o(.text)
    TIM6_DAC_IRQHandler                      0x080001d7   Thumb Code     0  startup_stm32l476xx.o(.text)
    TIM7_IRQHandler                          0x080001d7   Thumb Code     0  startup_stm32l476xx.o(.text)
    TIM8_BRK_IRQHandler                      0x080001d7   Thumb Code     0  startup_stm32l476xx.o(.text)
    TIM8_CC_IRQHandler                       0x080001d7   Thumb Code     0  startup_stm32l476xx.o(.text)
    TIM8_TRG_COM_IRQHandler                  0x080001d7   Thumb Code     0  startup_stm32l476xx.o(.text)
    TIM8_UP_IRQHandler                       0x080001d7   Thumb Code     0  startup_stm32l476xx.o(.text)
    TSC_IRQHandler                           0x080001d7   Thumb Code     0  startup_stm32l476xx.o(.text)
    UART4_IRQHandler                         0x080001d7   Thumb Code     0  startup_stm32l476xx.o(.text)
    UART5_IRQHandler                         0x080001d7   Thumb Code     0  startup_stm32l476xx.o(.text)
    USART1_IRQHandler                        0x080001d7   Thumb Code     0  startup_stm32l476xx.o(.text)
    USART2_IRQHandler                        0x080001d7   Thumb Code     0  startup_stm32l476xx.o(.text)
    USART3_IRQHandler                        0x080001d7   Thumb Code     0  startup_stm32l476xx.o(.text)
    WWDG_IRQHandler                          0x080001d7   Thumb Code     0  startup_stm32l476xx.o(.text)
    __user_initial_stackheap                 0x080001d9   Thumb Code     0  startup_stm32l476xx.o(.text)
    __use_two_region_memory                  0x0800020d   Thumb Code     2  heapauxi.o(.text)
    __rt_heap_escrow$2region                 0x0800020f   Thumb Code     2  heapauxi.o(.text)
    __rt_heap_expand$2region                 0x08000211   Thumb Code     2  heapauxi.o(.text)
    System_Clock_Init                        0x08000215   Thumb Code   380  sysclock.o(i.System_Clock_Init)
    UART2_GPIO_Init                          0x08000399   Thumb Code    90  uart.o(i.UART2_GPIO_Init)
    UART2_Init                               0x080003f9   Thumb Code    54  uart.o(i.UART2_Init)
    USART2_Write                             0x08000439   Thumb Code    18  uart.o(i.USART2_Write)
    USART_Delay                              0x08000451   Thumb Code    24  uart.o(i.USART_Delay)
    USART_Init                               0x08000469   Thumb Code   168  uart.o(i.USART_Init)
    USART_Write                              0x0800051d   Thumb Code    64  uart.o(i.USART_Write)
    __main                                   0x0800055d   Thumb Code   164  main.o(main)
    Image$$ER_IROM1$$RO$$Limit               0x0800060c   Number         0  anon$$obj.o ABSOLUTE
    Image$$ER_IROM1$$RW$$Base                0x0800060c   Number         0  anon$$obj.o ABSOLUTE
    Image$$ER_IROM1$$RW$$Limit               0x0800060c   Number         0  anon$$obj.o ABSOLUTE
    Image$$ER_IROM1$$ZI$$Base                0x0800060c   Number         0  anon$$obj.o ABSOLUTE
    Image$$ER_IROM1$$ZI$$Limit               0x0800060c   Number         0  anon$$obj.o ABSOLUTE
    Load$$RW_IRAM1$$Base                     0x0800060c   Number         0  anon$$obj.o ABSOLUTE
    Image$$RW_IRAM1$$Base                    0x20000000   Number         0  anon$$obj.o ABSOLUTE
    Image$$RW_IRAM1$$Limit                   0x20000000   Number         0  anon$$obj.o ABSOLUTE
    Image$$RW_IRAM1$$RO$$Base                0x20000000   Number         0  anon$$obj.o ABSOLUTE
    Image$$RW_IRAM1$$RW$$Base                0x20000000   Number         0  anon$$obj.o ABSOLUTE
    Image$$RW_IRAM1$$RW$$Limit               0x20000000   Number         0  anon$$obj.o ABSOLUTE
    Image$$RW_IRAM1$$ZI$$Base                0x20000000   Number         0  anon$$obj.o ABSOLUTE
    Image$$RW_IRAM1$$ZI$$Limit               0x20000600   Number         0  anon$$obj.o ABSOLUTE



==============================================================================

Memory Map of the image

  Image Entry point : 0x0800055d

  Load Region LR_IROM1 (Base: 0x08000000, Size: 0x0000060c, Max: 0x00100000, ABSOLUTE)

    Execution Region ER_IROM1 (Exec base: 0x08000000, Load base: 0x08000000, Size: 0x0000060c, Max: 0x00100000, ABSOLUTE)

    Exec Addr    Load Addr    Size         Type   Attr      Idx    E Section Name        Object

    0x08000000   0x08000000   0x00000188   Data   RO           13    RESET               startup_stm32l476xx.o
    0x08000188   0x08000188   0x00000084   Code   RO           14    .text               startup_stm32l476xx.o
    0x0800020c   0x0800020c   0x00000006   Code   RO          144    .text               c_w.l(heapauxi.o)
    0x08000212   0x08000212   0x00000002   PAD
    0x08000214   0x08000214   0x00000184   Code   RO           22    i.System_Clock_Init  sysclock.o
    0x08000398   0x08000398   0x00000060   Code   RO           76    i.UART2_GPIO_Init   uart.o
    0x080003f8   0x080003f8   0x00000040   Code   RO           77    i.UART2_Init        uart.o
    0x08000438   0x08000438   0x00000018   Code   RO           78    i.USART2_Write      uart.o
    0x08000450   0x08000450   0x00000018   Code   RO           79    i.USART_Delay       uart.o
    0x08000468   0x08000468   0x000000b4   Code   RO           81    i.USART_Init        uart.o
    0x0800051c   0x0800051c   0x00000040   Code   RO           83    i.USART_Write       uart.o
    0x0800055c   0x0800055c   0x000000b0   Code   RO            4  * main                main.o


    Execution Region RW_IRAM1 (Exec base: 0x20000000, Load base: 0x0800060c, Size: 0x00000600, Max: 0x00018000, ABSOLUTE)

    Exec Addr    Load Addr    Size         Type   Attr      Idx    E Section Name        Object

    0x20000000        -       0x00000200   Zero   RW           12    HEAP                startup_stm32l476xx.o
    0x20000200        -       0x00000400   Zero   RW           11    STACK               startup_stm32l476xx.o


==============================================================================

Image component sizes


      Code (inc. data)   RO Data    RW Data    ZI Data      Debug   Object Name

       176         12          0          0          0        448   main.o
       132         42        392          0       1536        856   startup_stm32l476xx.o
       388          8          0          0          0     666308   sysclock.o
       452         34          0          0          0       3703   uart.o

    ----------------------------------------------------------------------
      1148         96        392          0       1536     671315   Object Totals
         0          0          0          0          0          0   (incl. Generated)
         0          0          0          0          0          0   (incl. Padding)

    ----------------------------------------------------------------------

      Code (inc. data)   RO Data    RW Data    ZI Data      Debug   Library Member Name

         6          0          0          0          0        152   heapauxi.o

    ----------------------------------------------------------------------
         8          0          0          0          0        152   Library Totals
         2          0          0          0          0          0   (incl. Padding)

    ----------------------------------------------------------------------

      Code (inc. data)   RO Data    RW Data    ZI Data      Debug   Library Name

         6          0          0          0          0        152   c_w.l

    ----------------------------------------------------------------------
         8          0          0          0          0        152   Library Totals

    ----------------------------------------------------------------------

==============================================================================


      Code (inc. data)   RO Data    RW Data    ZI Data      Debug   

      1156         96        392          0       1536     670967   Grand Totals
      1156         96        392          0       1536     670967   ELF Image Totals
      1156         96        392          0          0          0   ROM Totals

==============================================================================

    Total RO  Size (Code + RO Data)                 1548 (   1.51kB)
    Total RW  Size (RW Data + ZI Data)              1536 (   1.50kB)
    Total ROM Size (Code + RO Data + RW Data)       1548 (   1.51kB)

==============================================================================

